Expected test failures on Tue Jul 29 17:47:26 CEST 2014 on Marypuce.local
