Expected test failures on Tue Jul 29 17:47:27 CEST 2014 on Marypuce.local
