Failed tests on Tue Jul 29 17:41:00 CEST 2014 on Marypuce.local
